// Jest Snapshot v1, https://goo.gl/fbAQLP

exports[`renders correctly 1`] = `
<Text
  style={
    [
      {
        "color": "#2C6B80",
      },
      {
        "fontFamily": "InclusiveSansRegular",
        "fontSize": 18,
        "lineHeight": 28,
      },
      undefined,
      undefined,
      undefined,
      undefined,
      undefined,
    ]
  }
>
  Snapshot test!
</Text>
`;
